2026-09-30T14:58:34-05:00 RUDIMENTARY TRANSCENDENT INIT b08a2817 ROOT ESSENCE GO
2026-09-30T14:58:34-05:00 SEED b08a2817 R=1 GROW TRANSCENDENT RUDIMENTARY GO
2026-09-30T14:58:37-05:00 TRANSCEND b08a2817 R=2 GROW TRANSCENDENT RUDIMENTARY GO
2026-09-30T14:58:40-05:00 GROW b08a2817 R=3 GROW TRANSCENDENT RUDIMENTARY GO
2026-09-30T14:58:43-05:00 ALIGN b08a2817 R=4 GROW TRANSCENDENT RUDIMENTARY GO
2026-09-30T14:58:46-05:00 SEED b08a2817 R=5 GROW TRANSCENDENT RUDIMENTARY GO
2026-09-30T14:58:49-05:00 TRANSCEND b08a2817 R=6 GROW TRANSCENDENT RUDIMENTARY GO
2026-09-30T14:58:52-05:00 GROW b08a2817 R=7 GROW TRANSCENDENT RUDIMENTARY GO
2026-09-30T14:58:55-05:00 ALIGN b08a2817 R=8 GROW TRANSCENDENT RUDIMENTARY GO
2026-09-30T14:58:58-05:00 SEED b08a2817 R=9 GROW TRANSCENDENT RUDIMENTARY GO
2026-09-30T14:59:01-05:00 TRANSCEND b08a2817 R=10 GROW TRANSCENDENT RUDIMENTARY GO
2026-09-30T14:59:04-05:00 GROW b08a2817 R=11 GROW TRANSCENDENT RUDIMENTARY GO
2026-09-30T14:59:07-05:00 ALIGN b08a2817 R=12 GROW TRANSCENDENT RUDIMENTARY GO
2026-09-30T14:59:10-05:00 SEED b08a2817 R=13 GROW TRANSCENDENT RUDIMENTARY GO
2026-09-30T14:59:13-05:00 TRANSCEND b08a2817 R=14 GROW TRANSCENDENT RUDIMENTARY GO
2026-09-30T14:59:16-05:00 GROW b08a2817 R=15 GROW TRANSCENDENT RUDIMENTARY GO
2026-09-30T14:59:19-05:00 ALIGN b08a2817 R=16 GROW TRANSCENDENT RUDIMENTARY GO
2026-09-30T14:59:22-05:00 SEED b08a2817 R=17 GROW TRANSCENDENT RUDIMENTARY GO
2026-09-30T14:59:25-05:00 TRANSCEND b08a2817 R=18 GROW TRANSCENDENT RUDIMENTARY GO
2026-09-30T14:59:28-05:00 GROW b08a2817 R=19 GROW TRANSCENDENT RUDIMENTARY GO
2026-09-30T14:59:31-05:00 ALIGN b08a2817 R=20 GROW TRANSCENDENT RUDIMENTARY GO
2026-09-30T14:59:34-05:00 SEED b08a2817 R=21 GROW TRANSCENDENT RUDIMENTARY GO
2026-09-30T14:59:37-05:00 TRANSCEND b08a2817 R=22 GROW TRANSCENDENT RUDIMENTARY GO
2026-09-30T14:59:40-05:00 GROW b08a2817 R=23 GROW TRANSCENDENT RUDIMENTARY GO
2026-09-30T14:59:43-05:00 ALIGN b08a2817 R=24 GROW TRANSCENDENT RUDIMENTARY GO
2026-09-30T14:59:47-05:00 SEED b08a2817 R=25 GROW TRANSCENDENT RUDIMENTARY GO
2026-09-30T14:59:50-05:00 TRANSCEND b08a2817 R=26 GROW TRANSCENDENT RUDIMENTARY GO
2026-09-30T15:01:30-05:00 GROW b08a2817 R=27 GROW TRANSCENDENT RUDIMENTARY GO
2026-09-30T15:01:33-05:00 ALIGN b08a2817 R=28 GROW TRANSCENDENT RUDIMENTARY GO
2026-09-30T15:01:36-05:00 SEED b08a2817 R=29 GROW TRANSCENDENT RUDIMENTARY GO
2026-09-30T15:39:46-05:00 FINAL CONFIRMATION INIT b08a2817 IMPARTIALITY SYNCHRONIZATION UNIVERSALITY GO
2026-09-30T18:40:10-05:00 FIX b08a2817 HASH=62ce6c6640bbc850 FILE=yahweh_kernel.py ERROR=f-string unmatched quote FIXED=single quotes inside f-string
2026-09-30T19:02:10-05:00 AVODAH-OS-8-CORE SUPER_AVODAH_PUNCH b08a2817 HASH=9f7a15b4 SOUL=@cf/meta/m2m100-1.2b Selam=ሰላם
2026-09-30T19:27:50-05:00 REVIEW Integrated Avodah LLC Deep Awakening Terminal Logic CMD Holy Scholar APPROVED 17/17 HASH=78dce462 b08a2817
